// Jest Snapshot v1, https://goo.gl/fbAQLP

exports[`Region Should render the region selector correctly 1`] = `ShallowWrapper {}`;
